---
source: tests/infer.rs
expression: error_msg
---

